Archive member included to satisfy reference by file (symbol)

D:/VXL/STM32CubeIDE_1.16.0/STM32CubeIDE/plugins/com.st.stm32cube.ide.mcu.externaltools.gnu-tools-for-stm32.12.3.rel1.win32_1.0.200.202406191623/tools/bin/../lib/gcc/arm-none-eabi/12.3.1/../../../../arm-none-eabi/lib/thumb/v7-m/nofp\libc_nano.a(libc_a-exit.o)
                              D:/VXL/STM32CubeIDE_1.16.0/STM32CubeIDE/plugins/com.st.stm32cube.ide.mcu.externaltools.gnu-tools-for-stm32.12.3.rel1.win32_1.0.200.202406191623/tools/bin/../lib/gcc/arm-none-eabi/12.3.1/../../../../arm-none-eabi/lib/thumb/v7-m/nofp/crt0.o (exit)
D:/VXL/STM32CubeIDE_1.16.0/STM32CubeIDE/plugins/com.st.stm32cube.ide.mcu.externaltools.gnu-tools-for-stm32.12.3.rel1.win32_1.0.200.202406191623/tools/bin/../lib/gcc/arm-none-eabi/12.3.1/../../../../arm-none-eabi/lib/thumb/v7-m/nofp\libc_nano.a(libc_a-findfp.o)
                              D:/VXL/STM32CubeIDE_1.16.0/STM32CubeIDE/plugins/com.st.stm32cube.ide.mcu.externaltools.gnu-tools-for-stm32.12.3.rel1.win32_1.0.200.202406191623/tools/bin/../lib/gcc/arm-none-eabi/12.3.1/../../../../arm-none-eabi/lib/thumb/v7-m/nofp\libc_nano.a(libc_a-exit.o) (__stdio_exit_handler)
D:/VXL/STM32CubeIDE_1.16.0/STM32CubeIDE/plugins/com.st.stm32cube.ide.mcu.externaltools.gnu-tools-for-stm32.12.3.rel1.win32_1.0.200.202406191623/tools/bin/../lib/gcc/arm-none-eabi/12.3.1/../../../../arm-none-eabi/lib/thumb/v7-m/nofp\libc_nano.a(libc_a-fwalk.o)
                              D:/VXL/STM32CubeIDE_1.16.0/STM32CubeIDE/plugins/com.st.stm32cube.ide.mcu.externaltools.gnu-tools-for-stm32.12.3.rel1.win32_1.0.200.202406191623/tools/bin/../lib/gcc/arm-none-eabi/12.3.1/../../../../arm-none-eabi/lib/thumb/v7-m/nofp\libc_nano.a(libc_a-findfp.o) (_fwalk_sglue)
D:/VXL/STM32CubeIDE_1.16.0/STM32CubeIDE/plugins/com.st.stm32cube.ide.mcu.externaltools.gnu-tools-for-stm32.12.3.rel1.win32_1.0.200.202406191623/tools/bin/../lib/gcc/arm-none-eabi/12.3.1/../../../../arm-none-eabi/lib/thumb/v7-m/nofp\libc_nano.a(libc_a-stdio.o)
                              D:/VXL/STM32CubeIDE_1.16.0/STM32CubeIDE/plugins/com.st.stm32cube.ide.mcu.externaltools.gnu-tools-for-stm32.12.3.rel1.win32_1.0.200.202406191623/tools/bin/../lib/gcc/arm-none-eabi/12.3.1/../../../../arm-none-eabi/lib/thumb/v7-m/nofp\libc_nano.a(libc_a-findfp.o) (__sread)
D:/VXL/STM32CubeIDE_1.16.0/STM32CubeIDE/plugins/com.st.stm32cube.ide.mcu.externaltools.gnu-tools-for-stm32.12.3.rel1.win32_1.0.200.202406191623/tools/bin/../lib/gcc/arm-none-eabi/12.3.1/../../../../arm-none-eabi/lib/thumb/v7-m/nofp\libc_nano.a(libc_a-memset.o)
                              D:/VXL/STM32CubeIDE_1.16.0/STM32CubeIDE/plugins/com.st.stm32cube.ide.mcu.externaltools.gnu-tools-for-stm32.12.3.rel1.win32_1.0.200.202406191623/tools/bin/../lib/gcc/arm-none-eabi/12.3.1/../../../../arm-none-eabi/lib/thumb/v7-m/nofp/crt0.o (memset)
D:/VXL/STM32CubeIDE_1.16.0/STM32CubeIDE/plugins/com.st.stm32cube.ide.mcu.externaltools.gnu-tools-for-stm32.12.3.rel1.win32_1.0.200.202406191623/tools/bin/../lib/gcc/arm-none-eabi/12.3.1/../../../../arm-none-eabi/lib/thumb/v7-m/nofp\libc_nano.a(libc_a-closer.o)
                              D:/VXL/STM32CubeIDE_1.16.0/STM32CubeIDE/plugins/com.st.stm32cube.ide.mcu.externaltools.gnu-tools-for-stm32.12.3.rel1.win32_1.0.200.202406191623/tools/bin/../lib/gcc/arm-none-eabi/12.3.1/../../../../arm-none-eabi/lib/thumb/v7-m/nofp\libc_nano.a(libc_a-stdio.o) (_close_r)
D:/VXL/STM32CubeIDE_1.16.0/STM32CubeIDE/plugins/com.st.stm32cube.ide.mcu.externaltools.gnu-tools-for-stm32.12.3.rel1.win32_1.0.200.202406191623/tools/bin/../lib/gcc/arm-none-eabi/12.3.1/../../../../arm-none-eabi/lib/thumb/v7-m/nofp\libc_nano.a(libc_a-reent.o)
                              D:/VXL/STM32CubeIDE_1.16.0/STM32CubeIDE/plugins/com.st.stm32cube.ide.mcu.externaltools.gnu-tools-for-stm32.12.3.rel1.win32_1.0.200.202406191623/tools/bin/../lib/gcc/arm-none-eabi/12.3.1/../../../../arm-none-eabi/lib/thumb/v7-m/nofp\libc_nano.a(libc_a-closer.o) (errno)
D:/VXL/STM32CubeIDE_1.16.0/STM32CubeIDE/plugins/com.st.stm32cube.ide.mcu.externaltools.gnu-tools-for-stm32.12.3.rel1.win32_1.0.200.202406191623/tools/bin/../lib/gcc/arm-none-eabi/12.3.1/../../../../arm-none-eabi/lib/thumb/v7-m/nofp\libc_nano.a(libc_a-impure.o)
                              D:/VXL/STM32CubeIDE_1.16.0/STM32CubeIDE/plugins/com.st.stm32cube.ide.mcu.externaltools.gnu-tools-for-stm32.12.3.rel1.win32_1.0.200.202406191623/tools/bin/../lib/gcc/arm-none-eabi/12.3.1/../../../../arm-none-eabi/lib/thumb/v7-m/nofp\libc_nano.a(libc_a-reent.o) (_impure_ptr)
D:/VXL/STM32CubeIDE_1.16.0/STM32CubeIDE/plugins/com.st.stm32cube.ide.mcu.externaltools.gnu-tools-for-stm32.12.3.rel1.win32_1.0.200.202406191623/tools/bin/../lib/gcc/arm-none-eabi/12.3.1/../../../../arm-none-eabi/lib/thumb/v7-m/nofp\libc_nano.a(libc_a-lseekr.o)
[...]
Memory Configuration

Name             Origin             Length             Attributes
RAM              0x20000000         0x00002800         xrw
FLASH            0x08000000         0x00008000         xr
*default*        0x00000000         0xffffffff

Linker script and memory map

LOAD D:/VXL/STM32CubeIDE_1.16.0/STM32CubeIDE/plugins/com.st.stm32cube.ide.mcu.externaltools.gnu-tools-for-stm32.12.3.rel1.win32_1.0.200.202406191623/tools/bin/../lib/gcc/arm-none-eabi/12.3.1/thumb/v7-m/nofp/crti.o
LOAD D:/VXL/STM32CubeIDE_1.16.0/STM32CubeIDE/plugins/com.st.stm32cube.ide.mcu.externaltools.gnu-tools-for-stm32.12.3.rel1.win32_1.0.200.202406191623/tools/bin/../lib/gcc/arm-none-eabi/12.3.1/thumb/v7-m/nofp/crtbegin.o
LOAD D:/VXL/STM32CubeIDE_1.16.0/STM32CubeIDE/plugins/com.st.stm32cube.ide.mcu.externaltools.gnu-tools-for-stm32.12.3.rel1.win32_1.0.200.202406191623/tools/bin/../lib/gcc/arm-none-eabi/12.3.1/../../../../arm-none-eabi/lib/thumb/v7-m/nofp/crt0.o
LOAD ./Core/Src/7seg.o
LOAD ./Core/Src/button.o
LOAD ./Core/Src/fsm_auto.o
LOAD ./Core/Src/fsm_manual.o
LOAD ./Core/Src/fsm_setting.o
LOAD ./Core/Src/global.o
LOAD ./Core/Src/main.o
LOAD ./Core/Src/software_timer.o
LOAD ./Core/Src/stm32f1xx_hal_msp.o
LOAD ./Core/Src/stm32f1xx_it.o
LOAD ./Core/Src/syscalls.o
LOAD ./Core/Src/sysmem.o
LOAD ./Core/Src/system_stm32f1xx.o
LOAD ./Core/Src/traffic_light.o
LOAD ./Core/Startup/startup_stm32f103c6ux.o
LOAD ./Drivers/STM32F1xx_HAL_Driver/Src/stm32f1xx_hal.o
LOAD ./Drivers/STM32F1xx_HAL_Driver/Src/stm32f1xx_hal_cortex.o
LOAD ./Drivers/STM32F1xx_HAL_Driver/Src/stm32f1xx_hal_dma.o
LOAD ./Drivers/STM32F1xx_HAL_Driver/Src/stm32f1xx_hal_exti.o
LOAD ./Drivers/STM32F1xx_HAL_Driver/Src/stm32f1xx_hal_flash.o
LOAD ./Drivers/STM32F1xx_HAL_Driver/Src/stm32f1xx_hal_flash_ex.o
LOAD ./Drivers/STM32F1xx_HAL_Driver/Src/stm32f1xx_hal_gpio.o
LOAD ./Drivers/STM32F1xx_HAL_Driver/Src/stm32f1xx_hal_gpio_ex.o
LOAD ./Drivers/STM32F1xx_HAL_Driver/Src/stm32f1xx_hal_pwr.o
LOAD ./Drivers/STM32F1xx_HAL_Driver/Src/stm32f1xx_hal_rcc.o
LOAD ./Drivers/STM32F1xx_HAL_Driver/Src/stm32f1xx_hal_rcc_ex.o
LOAD ./Drivers/STM32F1xx_HAL_Driver/Src/stm32f1xx_hal_tim.o
LOAD ./Drivers/STM32F1xx_HAL_Driver/Src/stm32f1xx_hal_tim_ex.o
START GROUP
LOAD D:/VXL/STM32CubeIDE_1.16.0/STM32CubeIDE/plugins/com.st.stm32cube.ide.mcu.externaltools.gnu-tools-for-stm32.12.3.rel1.win32_1.0.200.202406191623/tools/bin/../lib/gcc/arm-none-eabi/12.3.1/../../../../arm-none-eabi/lib/thumb/v7-m/nofp\libc_nano.a
LOAD D:/VXL/STM32CubeIDE_1.16.0/STM32CubeIDE/plugins/com.st.stm32cube.ide.mcu.externaltools.gnu-tools-for-stm32.12.3.rel1.win32_1.0.200.202406191623/tools/bin/../lib/gcc/arm-none-eabi/12.3.1/../../../../arm-none-eabi/lib/thumb/v7-m/nofp\libm.a
END GROUP
START GROUP
LOAD D:/VXL/STM32CubeIDE_1.16.0/STM32CubeIDE/plugins/com.st.stm32cube.ide.mcu.externaltools.gnu-tools-for-stm32.12.3.rel1.win32_1.0.200.202406191623/tools/bin/../lib/gcc/arm-none-eabi/12.3.1/thumb/v7-m/nofp\libgcc.a
LOAD D:/VXL/STM32CubeIDE_1.16.0/STM32CubeIDE/plugins/com.st.stm32cube.ide.mcu.externaltools.gnu-tools-for-stm32.12.3.rel1.win32_1.0.200.202406191623/tools/bin/../lib/gcc/arm-none-eabi/12.3.1/../../../../arm-none-eabi/lib/thumb/v7-m/nofp\libc_nano.a
END GROUP
START GROUP
LOAD D:/VXL/STM32CubeIDE_1.16.0/STM32CubeIDE/plugins/com.st.stm32cube.ide.mcu.externaltools.gnu-tools-for-stm32.12.3.rel1.win32_1.0.200.202406191623/tools/bin/../lib/gcc/arm-none-eabi/12.3.1/thumb/v7-m/nofp\libgcc.a
LOAD D:/VXL/STM32CubeIDE_1.16.0/STM32CubeIDE/plugins/com.st.stm32cube.ide.mcu.externaltools.gnu-tools-for-stm32.12.3.rel1.win32_1.0.200.202406191623/tools/bin/../lib/gcc/arm-none-eabi/12.3.1/../../../../arm-none-eabi/lib/thumb/v7-m/nofp\libc_nano.a
LOAD D:/VXL/STM32CubeIDE_1.16.0/STM32CubeIDE/plugins/com.st.stm32cube.ide.mcu.externaltools.gnu-tools-for-stm32.12.3.rel1.win32_1.0.200.202406191623/tools/bin/../lib/gcc/arm-none-eabi/12.3.1/../../../../arm-none-eabi/lib/thumb/v7-m/nofp\libnosys.a
END GROUP
START GROUP
LOAD D:/VXL/STM32CubeIDE_1.16.0/STM32CubeIDE/plugins/com.st.stm32cube.ide.mcu.externaltools.gnu-tools-for-stm32.12.3.rel1.win32_1.0.200.202406191623/tools/bin/../lib/gcc/arm-none-eabi/12.3.1/thumb/v7-m/nofp\libgcc.a
LOAD D:/VXL/STM32CubeIDE_1.16.0/STM32CubeIDE/plugins/com.st.stm32cube.ide.mcu.externaltools.gnu-tools-for-stm32.12.3.rel1.win32_1.0.200.202406191623/tools/bin/../lib/gcc/arm-none-eabi/12.3.1/../../../../arm-none-eabi/lib/thumb/v7-m/nofp\libc_nano.a
LOAD D:/VXL/STM32CubeIDE_1.16.0/STM32CubeIDE/plugins/com.st.stm32cube.ide.mcu.externaltools.gnu-tools-for-stm32.12.3.rel1.win32_1.0.200.202406191623/tools/bin/../lib/gcc/arm-none-eabi/12.3.1/../../../../arm-none-eabi/lib/thumb/v7-m/nofp\libnosys.a
END GROUP
LOAD D:/VXL/STM32CubeIDE_1.16.0/STM32CubeIDE/plugins/com.st.stm32cube.ide.mcu.externaltools.gnu-tools-for-stm32.12.3.rel1.win32_1.0.200.202406191623/tools/bin/../lib/gcc/arm-none-eabi/12.3.1/thumb/v7-m/nofp/crtend.o
LOAD D:/VXL/STM32CubeIDE_1.16.0/STM32CubeIDE/plugins/com.st.stm32cube.ide.mcu.externaltools.gnu-tools-for-stm32.12.3.rel1.win32_1.0.200.202406191623/tools/bin/../lib/gcc/arm-none-eabi/12.3.1/thumb/v7-m/nofp/crtn.o
                0x20002800                        _estack = (ORIGIN (RAM) + LENGTH (RAM))
                0x00000200                        _Min_Heap_Size = 0x200
                0x00000400                        _Min_Stack_Size = 0x400

.isr_vector     0x08000000      0x10c
                0x08000000                        . = ALIGN (0x4)
 *(.isr_vector)
 .isr_vector    0x08000000      0x10c ./Core/Startup/startup_stm32f103c6ux.o
                0x08000000                g_pfnVectors
                0x0800010c                        . = ALIGN (0x4)

.text           0x0800010c     0x3218
                0x0800010c                        . = ALIGN (0x4)
 *(.text)
 .text          0x0800010c       0x40 D:/VXL/STM32CubeIDE_1.16.0/STM32CubeIDE/plugins/com.st.stm32cube.ide.mcu.externaltools.gnu-tools-for-stm32.12.3.rel1.win32_1.0.200.202406191623/tools/bin/../lib/gcc/arm-none-eabi/12.3.1/thumb/v7-m/nofp/crtbegin.o
 *(.text*)
 .text.update7SEG
                0x0800014c      0x100 ./Core/Src/7seg.o
                0x0800014c                update7SEG
 .text.display7SEG
                0x0800024c      0x30c ./Core/Src/7seg.o
                0x0800024c                display7SEG
 .text.isButton0Pressed
                0x08000558       0x24 ./Core/Src/button.o
                0x08000558                isButton0Pressed
 .text.isButton1Pressed
                0x0800057c       0x24 ./Core/Src/button.o
                0x0800057c                isButton1Pressed
 .text.isButton2Pressed
                0x080005a0       0x24 ./Core/Src/button.o
                0x080005a0                isButton2Pressed
 .text.getKeyInput
                0x080005c4      0x1f0 ./Core/Src/button.o
                0x080005c4                getKeyInput
 .text.fsm_auto
                0x080007b4      0x25c ./Core/Src/fsm_auto.o
                0x080007b4                fsm_auto
 .text.fsm_manual
                0x08000a10      0x908 ./Core/Src/fsm_manual.o
                0x08000a10                fsm_manual
 .text.fsm_setting
                0x08001318        0xc ./Core/Src/fsm_setting.o
                0x08001318                fsm_setting
 .text.SCH_Add_Task
                0x08001324       0x80 ./Core/Src/global.o
                0x08001324                SCH_Add_Task
 .text.SCH_Update
                0x080013a4       0x98 ./Core/Src/global.o
                0x080013a4                SCH_Update
 .text.SCH_Delete_Task
                0x0800143c       0x68 ./Core/Src/global.o
                0x0800143c                SCH_Delete_Task
 .text.SCH_Dispatch_Tasks
                0x080014a4       0x60 ./Core/Src/global.o
                0x080014a4                SCH_Dispatch_Tasks
 .text.SCH_Init
                0x08001504       0x2a ./Core/Src/global.o
                0x08001504                SCH_Init
 *fill*         0x0800152e        0x2 
 .text.main     0x08001530       0x54 ./Core/Src/main.o
                0x08001530                main
 .text.SystemClock_Config
                0x08001584       0x76 ./Core/Src/main.o
                0x08001584                SystemClock_Config
 *fill*         0x080015fa        0x2 
 .text.MX_TIM2_Init
                0x080015fc       0x98 ./Core/Src/main.o
 .text.MX_GPIO_Init
                0x08001694       0xc4 ./Core/Src/main.o
 .text.HAL_TIM_PeriodElapsedCallback
                0x08001758       0x5c ./Core/Src/main.o
                0x08001758                HAL_TIM_PeriodElapsedCallback
 .text.Error_Handler
                0x080017b4        0xc ./Core/Src/main.o
                0x080017b4                Error_Handler
 .text.set_timer
                0x080017c0       0x3c ./Core/Src/software_timer.o
                0x080017c0                set_timer
 .text.timer_run
                0x080017fc       0x60 ./Core/Src/software_timer.o
                0x080017fc                timer_run
 .text.is_timer_expired
                0x0800185c       0x30 ./Core/Src/software_timer.o
                0x0800185c                is_timer_expired
 .text.HAL_MspInit
                0x0800188c       0x64 ./Core/Src/stm32f1xx_hal_msp.o
                0x0800188c                HAL_MspInit
 .text.HAL_TIM_Base_MspInit
                0x080018f0       0x48 ./Core/Src/stm32f1xx_hal_msp.o
                0x080018f0                HAL_TIM_Base_MspInit
 .text.NMI_Handler
                0x08001938        0x8 ./Core/Src/stm32f1xx_it.o
                0x08001938                NMI_Handler
 .text.HardFault_Handler
                0x08001940        0x8 ./Core/Src/stm32f1xx_it.o
                0x08001940                HardFault_Handler
 .text.MemManage_Handler
                0x08001948        0x8 ./Core/Src/stm32f1xx_it.o
                0x08001948                MemManage_Handler
 .text.BusFault_Handler
                0x08001950        0x8 ./Core/Src/stm32f1xx_it.o
                0x08001950                BusFault_Handler
 .text.UsageFault_Handler
                0x08001958        0x8 ./Core/Src/stm32f1xx_it.o
                0x08001958                UsageFault_Handler
 .text.SVC_Handler
                0x08001960        0xc ./Core/Src/stm32f1xx_it.o
                0x08001960                SVC_Handler
 .text.DebugMon_Handler
                0x0800196c        0xc ./Core/Src/stm32f1xx_it.o
                0x0800196c                DebugMon_Handler
 .text.PendSV_Handler
                0x08001978        0xc ./Core/Src/stm32f1xx_it.o
                0x08001978                PendSV_Handler
 .text.SysTick_Handler
                0x08001984        0xc ./Core/Src/stm32f1xx_it.o
                0x08001984                SysTick_Handler
 .text.TIM2_IRQHandler
                0x08001990       0x14 ./Core/Src/stm32f1xx_it.o
                0x08001990                TIM2_IRQHandler
 .text.SystemInit
                0x080019a4        0xc ./Core/Src/system_stm32f1xx.o
                0x080019a4                SystemInit
 .text.led_red_and_green
                0x080019b0       0x54 ./Core/Src/traffic_light.o
                0x080019b0                led_red_and_green
 .text.led_red_and_yellow
                0x08001a04       0x54 ./Core/Src/traffic_light.o
                0x08001a04                led_red_and_yellow
 .text.led_green_and_red
                0x08001a58       0x54 ./Core/Src/traffic_light.o
                0x08001a58                led_green_and_red
 .text.led_yellow_and_red
                0x08001aac       0x54 ./Core/Src/traffic_light.o
                0x08001aac                led_yellow_and_red
 .text.clear    0x08001b00       0x54 ./Core/Src/traffic_light.o
                0x08001b00                clear
 .text.toggle   0x08001b54       0x48 ./Core/Src/traffic_light.o
                0x08001b54                toggle
 .text.togglered
                0x08001b9c       0x50 ./Core/Src/traffic_light.o
                0x08001b9c                togglered
 .text.toggleyellow
                0x08001bec       0x50 ./Core/Src/traffic_light.o
                0x08001bec                toggleyellow
 .text.togglegreen
                0x08001c3c       0x50 ./Core/Src/traffic_light.o
                0x08001c3c                togglegreen
 .text.Reset_Handler
                0x08001c8c       0x48 ./Core/Startup/startup_stm32f103c6ux.o
                0x08001c8c                Reset_Handler
 .text.Default_Handler
                0x08001cd4        0x2 ./Core/Startup/startup_stm32f103c6ux.o
                0x08001cd4                RTC_Alarm_IRQHandler
                0x08001cd4                EXTI2_IRQHandler
                0x08001cd4                TIM1_CC_IRQHandler
                0x08001cd4                PVD_IRQHandler
                0x08001cd4                EXTI3_IRQHandler
                0x08001cd4                EXTI0_IRQHandler
                0x08001cd4                ADC1_2_IRQHandler
                0x08001cd4                SPI1_IRQHandler
                0x08001cd4                TAMPER_IRQHandler
                0x08001cd4                DMA1_Channel4_IRQHandler
                0x08001cd4                RTC_IRQHandler
                0x08001cd4                DMA1_Channel7_IRQHandler
                0x08001cd4                CAN1_RX1_IRQHandler
                0x08001cd4                I2C1_EV_IRQHandler
                0x08001cd4                DMA1_Channel6_IRQHandler
                0x08001cd4                TIM3_IRQHandler
                0x08001cd4                RCC_IRQHandler
                0x08001cd4                TIM1_TRG_COM_IRQHandler
                0x08001cd4                DMA1_Channel1_IRQHandler
                0x08001cd4                Default_Handler
                0x08001cd4                EXTI15_10_IRQHandler
                0x08001cd4                EXTI9_5_IRQHandler
                0x08001cd4                DMA1_Channel5_IRQHandler
                0x08001cd4                EXTI4_IRQHandler
                0x08001cd4                USB_LP_CAN1_RX0_IRQHandler
                0x08001cd4                USB_HP_CAN1_TX_IRQHandler
                0x08001cd4                DMA1_Channel3_IRQHandler
                0x08001cd4                TIM1_UP_IRQHandler
                0x08001cd4                WWDG_IRQHandler
                0x08001cd4                TIM1_BRK_IRQHandler
                0x08001cd4                EXTI1_IRQHandler
                0x08001cd4                USART2_IRQHandler
                0x08001cd4                DMA1_Channel2_IRQHandler
                0x08001cd4                CAN1_SCE_IRQHandler
                0x08001cd4                FLASH_IRQHandler
                0x08001cd4                USART1_IRQHandler
                0x08001cd4                I2C1_ER_IRQHandler
                0x08001cd4                USBWakeUp_IRQHandler
 *fill*         0x08001cd6        0x2 
 .text.HAL_Init
                0x08001cd8       0x2c ./Drivers/STM32F1xx_HAL_Driver/Src/stm32f1xx_hal.o
                0x08001cd8                HAL_Init
 .text.HAL_InitTick
                0x08001d04       0x60 ./Drivers/STM32F1xx_HAL_Driver/Src/stm32f1xx_hal.o
                0x08001d04                HAL_InitTick
 .text.HAL_IncTick
                0x08001d64       0x24 ./Drivers/STM32F1xx_HAL_Driver/Src/stm32f1xx_hal.o
                0x08001d64                HAL_IncTick
 .text.HAL_GetTick
                0x08001d88       0x14 ./Drivers/STM32F1xx_HAL_Driver/Src/stm32f1xx_hal.o
                0x08001d88                HAL_GetTick
 .text.__NVIC_SetPriorityGrouping
                0x08001d9c       0x48 ./Drivers/STM32F1xx_HAL_Driver/Src/stm32f1xx_hal_cortex.o
 .text.__NVIC_GetPriorityGrouping
                0x08001de4       0x1c ./Drivers/STM32F1xx_HAL_Driver/Src/stm32f1xx_hal_cortex.o
 .text.__NVIC_EnableIRQ
                0x08001e00       0x38 ./Drivers/STM32F1xx_HAL_Driver/Src/stm32f1xx_hal_cortex.o
 .text.__NVIC_SetPriority
                0x08001e38       0x54 ./Drivers/STM32F1xx_HAL_Driver/Src/stm32f1xx_hal_cortex.o
 .text.NVIC_EncodePriority
                0x08001e8c       0x64 ./Drivers/STM32F1xx_HAL_Driver/Src/stm32f1xx_hal_cortex.o
 .text.SysTick_Config
                0x08001ef0       0x44 ./Drivers/STM32F1xx_HAL_Driver/Src/stm32f1xx_hal_cortex.o
 .text.HAL_NVIC_SetPriorityGrouping
                0x08001f34       0x16 ./Drivers/STM32F1xx_HAL_Driver/Src/stm32f1xx_hal_cortex.o
                0x08001f34                HAL_NVIC_SetPriorityGrouping
 .text.HAL_NVIC_SetPriority
                0x08001f4a       0x38 ./Drivers/STM32F1xx_HAL_Driver/Src/stm32f1xx_hal_cortex.o
                0x08001f4a                HAL_NVIC_SetPriority
 .text.HAL_NVIC_EnableIRQ
                0x08001f82       0x1c ./Drivers/STM32F1xx_HAL_Driver/Src/stm32f1xx_hal_cortex.o
                0x08001f82                HAL_NVIC_EnableIRQ
 .text.HAL_SYSTICK_Config
                0x08001f9e       0x18 ./Drivers/STM32F1xx_HAL_Driver/Src/stm32f1xx_hal_cortex.o
                0x08001f9e                HAL_SYSTICK_Config
 *fill*         0x08001fb6        0x2 
 .text.HAL_GPIO_Init
                0x08001fb8      0x2f8 ./Drivers/STM32F1xx_HAL_Driver/Src/stm32f1xx_hal_gpio.o
                0x08001fb8                HAL_GPIO_Init
 .text.HAL_GPIO_ReadPin
                0x080022b0       0x2e ./Drivers/STM32F1xx_HAL_Driver/Src/stm32f1xx_hal_gpio.o
                0x080022b0                HAL_GPIO_ReadPin
 .text.HAL_GPIO_WritePin
                0x080022de       0x30 ./Drivers/STM32F1xx_HAL_Driver/Src/stm32f1xx_hal_gpio.o
                0x080022de                HAL_GPIO_WritePin
 .text.HAL_GPIO_TogglePin
                0x0800230e       0x32 ./Drivers/STM32F1xx_HAL_Driver/Src/stm32f1xx_hal_gpio.o
                0x0800230e                HAL_GPIO_TogglePin
 .text.HAL_RCC_OscConfig
                0x08002340      0x504 ./Drivers/STM32F1xx_HAL_Driver/Src/stm32f1xx_hal_rcc.o
                0x08002340                HAL_RCC_OscConfig
 .text.HAL_RCC_ClockConfig
                0x08002844      0x1d4 ./Drivers/STM32F1xx_HAL_Driver/Src/stm32f1xx_hal_rcc.o
                0x08002844                HAL_RCC_ClockConfig
 .text.HAL_RCC_GetSysClockFreq
                0x08002a18       0xa8 ./Drivers/STM32F1xx_HAL_Driver/Src/stm32f1xx_hal_rcc.o
                0x08002a18                HAL_RCC_GetSysClockFreq
 .text.RCC_Delay
                0x08002ac0       0x3c ./Drivers/STM32F1xx_HAL_Driver/Src/stm32f1xx_hal_rcc.o
 .text.HAL_TIM_Base_Init
                0x08002afc       0x9e ./Drivers/STM32F1xx_HAL_Driver/Src/stm32f1xx_hal_tim.o
                0x08002afc                HAL_TIM_Base_Init
 *fill*         0x08002b9a        0x2 
 .text.HAL_TIM_Base_Start_IT
                0x08002b9c       0x98 ./Drivers/STM32F1xx_HAL_Driver/Src/stm32f1xx_hal_tim.o
                0x08002b9c                HAL_TIM_Base_Start_IT
 .text.HAL_TIM_IRQHandler
                0x08002c34      0x1e0 ./Drivers/STM32F1xx_HAL_Driver/Src/stm32f1xx_hal_tim.o
                0x08002c34                HAL_TIM_IRQHandler
 .text.HAL_TIM_ConfigClockSource
                0x08002e14      0x18e ./Drivers/STM32F1xx_HAL_Driver/Src/stm32f1xx_hal_tim.o
                0x08002e14                HAL_TIM_ConfigClockSource
 .text.HAL_TIM_OC_DelayElapsedCallback
                0x08002fa2       0x12 ./Drivers/STM32F1xx_HAL_Driver/Src/stm32f1xx_hal_tim.o
                0x08002fa2                HAL_TIM_OC_DelayElapsedCallback
 .text.HAL_TIM_IC_CaptureCallback
                0x08002fb4       0x12 ./Drivers/STM32F1xx_HAL_Driver/Src/stm32f1xx_hal_tim.o
                0x08002fb4                HAL_TIM_IC_CaptureCallback
 .text.HAL_TIM_PWM_PulseFinishedCallback
                0x08002fc6       0x12 ./Drivers/STM32F1xx_HAL_Driver/Src/stm32f1xx_hal_tim.o
                0x08002fc6                HAL_TIM_PWM_PulseFinishedCallback
 .text.HAL_TIM_TriggerCallback
                0x08002fd8       0x12 ./Drivers/STM32F1xx_HAL_Driver/Src/stm32f1xx_hal_tim.o
                0x08002fd8                HAL_TIM_TriggerCallback
 *fill*         0x08002fea        0x2 
 .text.TIM_Base_SetConfig
                0x08002fec       0xc8 ./Drivers/STM32F1xx_HAL_Driver/Src/stm32f1xx_hal_tim.o
                0x08002fec                TIM_Base_SetConfig
 .text.TIM_TI1_ConfigInputStage
                0x080030b4       0x5c ./Drivers/STM32F1xx_HAL_Driver/Src/stm32f1xx_hal_tim.o
 .text.TIM_TI2_ConfigInputStage
                0x08003110       0x5e ./Drivers/STM32F1xx_HAL_Driver/Src/stm32f1xx_hal_tim.o
 .text.TIM_ITRx_SetConfig
                0x0800316e       0x34 ./Drivers/STM32F1xx_HAL_Driver/Src/stm32f1xx_hal_tim.o
 .text.TIM_ETR_SetConfig
                0x080031a2       0x3e ./Drivers/STM32F1xx_HAL_Driver/Src/stm32f1xx_hal_tim.o
                0x080031a2                TIM_ETR_SetConfig
 .text.HAL_TIMEx_MasterConfigSynchronization
                0x080031e0       0xb0 ./Drivers/STM32F1xx_HAL_Driver/Src/stm32f1xx_hal_tim_ex.o
                0x080031e0                HAL_TIMEx_MasterConfigSynchronization
 .text.HAL_TIMEx_CommutCallback
                0x08003290       0x12 ./Drivers/STM32F1xx_HAL_Driver/Src/stm32f1xx_hal_tim_ex.o
                0x08003290                HAL_TIMEx_CommutCallback
 .text.HAL_TIMEx_BreakCallback
                0x080032a2       0x12 ./Drivers/STM32F1xx_HAL_Driver/Src/stm32f1xx_hal_tim_ex.o
                0x080032a2                HAL_TIMEx_BreakCallback
 .text.memset   0x080032b4       0x10 D:/VXL/STM32CubeIDE_1.16.0/STM32CubeIDE/plugins/com.st.stm32cube.ide.mcu.externaltools.gnu-tools-for-stm32.12.3.rel1.win32_1.0.200.202406191623/tools/bin/../lib/gcc/arm-none-eabi/12.3.1/../../../../arm-none-eabi/lib/thumb/v7-m/nofp\libc_nano.a(libc_a-memset.o)
                0x080032b4                memset
 .text.__libc_init_array
                0x080032c4       0x48 D:/VXL/STM32CubeIDE_1.16.0/STM32CubeIDE/plugins/com.st.stm32cube.ide.mcu.externaltools.gnu-tools-for-stm32.12.3.rel1.win32_1.0.200.202406191623/tools/bin/../lib/gcc/arm-none-eabi/12.3.1/../../../../arm-none-eabi/lib/thumb/v7-m/nofp\libc_nano.a(libc_a-init.o)
                0x080032c4                __libc_init_array
 *(.glue_7)
 .glue_7        0x0800330c        0x0 linker stubs
 *(.glue_7t)
 .glue_7t       0x0800330c        0x0 linker stubs
 *(.eh_frame)
 .eh_frame      0x0800330c        0x0 D:/VXL/STM32CubeIDE_1.16.0/STM32CubeIDE/plugins/com.st.stm32cube.ide.mcu.externaltools.gnu-tools-for-stm32.12.3.rel1.win32_1.0.200.202406191623/tools/bin/../lib/gcc/arm-none-eabi/12.3.1/thumb/v7-m/nofp/crtbegin.o
 *(.init)
 .init          0x0800330c        0x4 D:/VXL/STM32CubeIDE_1.16.0/STM32CubeIDE/plugins/com.st.stm32cube.ide.mcu.externaltools.gnu-tools-for-stm32.12.3.rel1.win32_1.0.200.202406191623/tools/bin/../lib/gcc/arm-none-eabi/12.3.1/thumb/v7-m/nofp/crti.o
                0x0800330c                _init
 .init          0x08003310        0x8 D:/VXL/STM32CubeIDE_1.16.0/STM32CubeIDE/plugins/com.st.stm32cube.ide.mcu.externaltools.gnu-tools-for-stm32.12.3.rel1.win32_1.0.200.202406191623/tools/bin/../lib/gcc/arm-none-eabi/12.3.1/thumb/v7-m/nofp/crtn.o
 *(.fini)
 .fini          0x08003318        0x4 D:/VXL/STM32CubeIDE_1.16.0/STM32CubeIDE/plugins/com.st.stm32cube.ide.mcu.externaltools.gnu-tools-for-stm32.12.3.rel1.win32_1.0.200.202406191623/tools/bin/../lib/gcc/arm-none-eabi/12.3.1/thumb/v7-m/nofp/crti.o
                0x08003318                _fini
 .fini          0x0800331c        0x8 D:/VXL/STM32CubeIDE_1.16.0/STM32CubeIDE/plugins/com.st.stm32cube.ide.mcu.externaltools.gnu-tools-for-stm32.12.3.rel1.win32_1.0.200.202406191623/tools/bin/../lib/gcc/arm-none-eabi/12.3.1/thumb/v7-m/nofp/crtn.o
                0x08003324                        . = ALIGN (0x4)
                0x08003324                        _etext = .

.vfp11_veneer   0x08003324        0x0
 .vfp11_veneer  0x08003324        0x0 linker stubs

.v4_bx          0x08003324        0x0
 .v4_bx         0x08003324        0x0 linker stubs

.iplt           0x08003324        0x0
 .iplt          0x08003324        0x0 D:/VXL/STM32CubeIDE_1.16.0/STM32CubeIDE/plugins/com.st.stm32cube.ide.mcu.externaltools.gnu-tools-for-stm32.12.3.rel1.win32_1.0.200.202406191623/tools/bin/../lib/gcc/arm-none-eabi/12.3.1/thumb/v7-m/nofp/crtbegin.o

.rodata         0x08003324       0x24
                0x08003324                        . = ALIGN (0x4)
 *(.rodata)
 *(.rodata*)
 .rodata.AHBPrescTable
                0x08003324       0x10 ./Core/Src/system_stm32f1xx.o
                0x08003324                AHBPrescTable
 .rodata.aPLLMULFactorTable.1
                0x08003334       0x10 ./Drivers/STM32F1xx_HAL_Driver/Src/stm32f1xx_hal_rcc.o
 .rodata.aPredivFactorTable.0
                0x08003344        0x2 ./Drivers/STM32F1xx_HAL_Driver/Src/stm32f1xx_hal_rcc.o
                0x08003348                        . = ALIGN (0x4)
 *fill*         0x08003346        0x2 

.ARM.extab      0x08003348        0x0
                0x08003348                        . = ALIGN (0x4)
 *(.ARM.extab* .gnu.linkonce.armextab.*)
                0x08003348                        . = ALIGN (0x4)

.ARM            0x08003348        0x0
                0x08003348                        . = ALIGN (0x4)
                0x08003348                        __exidx_start = .
 *(.ARM.exidx*)
                0x08003348                        __exidx_end = .
                0x08003348                        . = ALIGN (0x4)

.preinit_array  0x08003348        0x0
                0x08003348                        . = ALIGN (0x4)
                0x08003348                        PROVIDE (__preinit_array_start = .)
 *(.preinit_array*)
                0x08003348                        PROVIDE (__preinit_array_end = .)
                0x08003348                        . = ALIGN (0x4)

.init_array     0x08003348        0x4
                0x08003348                        . = ALIGN (0x4)
                0x08003348                        PROVIDE (__init_array_start = .)
 *(SORT_BY_NAME(.init_array.*))
 *(.init_array*)
 .init_array    0x08003348        0x4 D:/VXL/STM32CubeIDE_1.16.0/STM32CubeIDE/plugins/com.st.stm32cube.ide.mcu.externaltools.gnu-tools-for-stm32.12.3.rel1.win32_1.0.200.202406191623/tools/bin/../lib/gcc/arm-none-eabi/12.3.1/thumb/v7-m/nofp/crtbegin.o
                0x0800334c                        PROVIDE (__init_array_end = .)
                0x0800334c                        . = ALIGN (0x4)

.fini_array     0x0800334c        0x4
                0x0800334c                        . = ALIGN (0x4)
                [!provide]                        PROVIDE (__fini_array_start = .)
 *(SORT_BY_NAME(.fini_array.*))
 *(.fini_array*)
 .fini_array    0x0800334c        0x4 D:/VXL/STM32CubeIDE_1.16.0/STM32CubeIDE/plugins/com.st.stm32cube.ide.mcu.externaltools.gnu-tools-for-stm32.12.3.rel1.win32_1.0.200.202406191623/tools/bin/../lib/gcc/arm-none-eabi/12.3.1/thumb/v7-m/nofp/crtbegin.o
                [!provide]                        PROVIDE (__fini_array_end = .)
                0x08003350                        . = ALIGN (0x4)
                0x08003350                        _sidata = LOADADDR (.data)

.rel.dyn        0x08003350        0x0
 .rel.iplt      0x08003350        0x0 D:/VXL/STM32CubeIDE_1.16.0/STM32CubeIDE/plugins/com.st.stm32cube.ide.mcu.externaltools.gnu-tools-for-stm32.12.3.rel1.win32_1.0.200.202406191623/tools/bin/../lib/gcc/arm-none-eabi/12.3.1/thumb/v7-m/nofp/crtbegin.o

.data           0x20000000       0x48 load address 0x08003350
                0x20000000                        . = ALIGN (0x4)
                0x20000000                        _sdata = .
 *(.data)
 *(.data*)
 .data.KeyReg00
                0x20000000        0x4 ./Core/Src/button.o
                0x20000000                KeyReg00
 .data.KeyReg10
                0x20000004        0x4 ./Core/Src/button.o
                0x20000004                KeyReg10
 .data.KeyReg20
                0x20000008        0x4 ./Core/Src/button.o
                0x20000008                KeyReg20
 .data.KeyReg30
                0x2000000c        0x4 ./Core/Src/button.o
                0x2000000c                KeyReg30
 .data.KeyReg01
                0x20000010        0x4 ./Core/Src/button.o
                0x20000010                KeyReg01
 .data.KeyReg11
                0x20000014        0x4 ./Core/Src/button.o
                0x20000014                KeyReg11
 .data.KeyReg21
                0x20000018        0x4 ./Core/Src/button.o
                0x20000018                KeyReg21
 .data.KeyReg31
                0x2000001c        0x4 ./Core/Src/button.o
                0x2000001c                KeyReg31
 .data.KeyReg02
                0x20000020        0x4 ./Core/Src/button.o
                0x20000020                KeyReg02
 .data.KeyReg12
                0x20000024        0x4 ./Core/Src/button.o
                0x20000024                KeyReg12
 .data.KeyReg22
                0x20000028        0x4 ./Core/Src/button.o
                0x20000028                KeyReg22
 .data.KeyReg32
                0x2000002c        0x4 ./Core/Src/button.o
                0x2000002c                KeyReg32
 .data.TimeOutForKeyPress
                0x20000030        0x4 ./Core/Src/button.o
                0x20000030                TimeOutForKeyPress
 .data.status   0x20000034        0x4 ./Core/Src/global.o
                0x20000034                status
 .data.tick     0x20000038        0x4 ./Core/Src/software_timer.o
                0x20000038                tick
 .data.SystemCoreClock
                0x2000003c        0x4 ./Core/Src/system_stm32f1xx.o
                0x2000003c                SystemCoreClock
 .data.uwTickPrio
                0x20000040        0x4 ./Drivers/STM32F1xx_HAL_Driver/Src/stm32f1xx_hal.o
                0x20000040                uwTickPrio
 .data.uwTickFreq
                0x20000044        0x1 ./Drivers/STM32F1xx_HAL_Driver/Src/stm32f1xx_hal.o
                0x20000044                uwTickFreq
 *(.RamFunc)
 *(.RamFunc*)
                0x20000048                        . = ALIGN (0x4)
 *fill*         0x20000045        0x3 
                0x20000048                        _edata = .

.igot.plt       0x20000048        0x0 load address 0x08003398
 .igot.plt      0x20000048        0x0 D:/VXL/STM32CubeIDE_1.16.0/STM32CubeIDE/plugins/com.st.stm32cube.ide.mcu.externaltools.gnu-tools-for-stm32.12.3.rel1.win32_1.0.200.202406191623/tools/bin/../lib/gcc/arm-none-eabi/12.3.1/thumb/v7-m/nofp/crtbegin.o
                0x20000048                        . = ALIGN (0x4)

.bss            0x20000048      0x64c load address 0x08003398
                0x20000048                        _sbss = .
                0x20000048                        __bss_start__ = _sbss
 *(.bss)
 .bss           0x20000048       0x1c D:/VXL/STM32CubeIDE_1.16.0/STM32CubeIDE/plugins/com.st.stm32cube.ide.mcu.externaltools.gnu-tools-for-stm32.12.3.rel1.win32_1.0.200.202406191623/tools/bin/../lib/gcc/arm-none-eabi/12.3.1/thumb/v7-m/nofp/crtbegin.o
 *(.bss*)
 .bss.button0_flag
                0x20000064        0x4 ./Core/Src/button.o
                0x20000064                button0_flag
 .bss.button1_flag
                0x20000068        0x4 ./Core/Src/button.o
                0x20000068                button1_flag
 .bss.button2_flag
                0x2000006c        0x4 ./Core/Src/button.o
                0x2000006c                button2_flag
 .bss.k         0x20000070        0x4 ./Core/Src/fsm_auto.o
                0x20000070                k
 .bss.led_buffer
                0x20000074       0x10 ./Core/Src/fsm_auto.o
                0x20000074                led_buffer
 .bss.num_to_display_1
                0x20000084        0x4 ./Core/Src/fsm_auto.o
                0x20000084                num_to_display_1
 .bss.num_to_display_2
                0x20000088        0x4 ./Core/Src/fsm_auto.o
                0x20000088                num_to_display_2
 .bss.red_time  0x2000008c        0x4 ./Core/Src/fsm_manual.o
                0x2000008c                red_time
 .bss.yellow_time
                0x20000090        0x4 ./Core/Src/fsm_manual.o
                0x20000090                yellow_time
 .bss.green_time
                0x20000094        0x4 ./Core/Src/fsm_manual.o
                0x20000094                green_time
 .bss.red       0x20000098        0x4 ./Core/Src/fsm_manual.o
                0x20000098                red
 .bss.yellow    0x2000009c        0x4 ./Core/Src/fsm_manual.o
                0x2000009c                yellow
 .bss.green     0x200000a0        0x4 ./Core/Src/fsm_manual.o
                0x200000a0                green
 .bss.SCH_tasks_G
                0x200000a4      0x280 ./Core/Src/global.o
                0x200000a4                SCH_tasks_G
 .bss.htim2     0x20000324       0x48 ./Core/Src/main.o
                0x20000324                htim2
 .bss.i         0x2000036c        0x4 ./Core/Src/main.o
                0x2000036c                i
 .bss.timer_flag
                0x20000370      0x190 ./Core/Src/software_timer.o
                0x20000370                timer_flag
 .bss.timer_counter
                0x20000500      0x190 ./Core/Src/software_timer.o
                0x20000500                timer_counter
 .bss.uwTick    0x20000690        0x4 ./Drivers/STM32F1xx_HAL_Driver/Src/stm32f1xx_hal.o
                0x20000690                uwTick
 *(COMMON)
                0x20000694                        . = ALIGN (0x4)
                0x20000694                        _ebss = .
                0x20000694                        __bss_end__ = _ebss

._user_heap_stack
                0x20000694      0x604 load address 0x08003398
                0x20000698                        . = ALIGN (0x8)
 *fill*         0x20000694        0x4 
                [!provide]                        PROVIDE (end = .)
                0x20000698                        PROVIDE (_end = .)
                0x20000898                        . = (. + _Min_Heap_Size)
 *fill*         0x20000698      0x200 
                0x20000c98                        . = (. + _Min_Stack_Size)
 *fill*         0x20000898      0x400 
                0x20000c98                        . = ALIGN (0x8)

/DISCARD/
 libc.a(*)
 libm.a(*)
 libgcc.a(*)

.ARM.attributes
                0x00000000       0x29
 *(.ARM.attributes)
 .ARM.attributes
                0x00000000       0x1d D:/VXL/STM32CubeIDE_1.16.0/STM32CubeIDE/plugins/com.st.stm32cube.ide.mcu.externaltools.gnu-tools-for-stm32.12.3.rel1.win32_1.0.200.202406191623/tools/bin/../lib/gcc/arm-none-eabi/12.3.1/thumb/v7-m/nofp/crti.o
 .ARM.attributes
                0x0000001d       0x2d D:/VXL/STM32CubeIDE_1.16.0/STM32CubeIDE/plugins/com.st.stm32cube.ide.mcu.externaltools.gnu-tools-for-stm32.12.3.rel1.win32_1.0.200.202406191623/tools/bin/../lib/gcc/arm-none-eabi/12.3.1/thumb/v7-m/nofp/crtbegin.o
 .ARM.attributes
                0x0000004a       0x2d ./Core/Src/7seg.o
 .ARM.attributes
                0x00000077       0x2d ./Core/Src/button.o
 .ARM.attributes
                0x000000a4       0x2d ./Core/Src/fsm_auto.o
 .ARM.attributes
                0x000000d1       0x2d ./Core/Src/fsm_manual.o
 .ARM.attributes
                0x000000fe       0x2d ./Core/Src/fsm_setting.o
 .ARM.attributes
                0x0000012b       0x2d ./Core/Src/global.o
 .ARM.attributes
                0x00000158       0x2d ./Core/Src/main.o
 .ARM.attributes
                0x00000185       0x2d ./Core/Src/software_timer.o
 .ARM.attributes
                0x000001b2       0x2d ./Core/Src/stm32f1xx_hal_msp.o
 .ARM.attributes
                0x000001df       0x2d ./Core/Src/stm32f1xx_it.o
 .ARM.attributes
                0x0000020c       0x2d ./Core/Src/system_stm32f1xx.o
 .ARM.attributes
                0x00000239       0x2d ./Core/Src/traffic_light.o
 .ARM.attributes
                0x00000266       0x21 ./Core/Startup/startup_stm32f103c6ux.o
 .ARM.attributes
                0x00000287       0x2d ./Drivers/STM32F1xx_HAL_Driver/Src/stm32f1xx_hal.o
 .ARM.attributes
                0x000002b4       0x2d ./Drivers/STM32F1xx_HAL_Driver/Src/stm32f1xx_hal_cortex.o
 .ARM.attributes
                0x000002e1       0x2d ./Drivers/STM32F1xx_HAL_Driver/Src/stm32f1xx_hal_gpio.o
 .ARM.attributes
                0x0000030e       0x2d ./Drivers/STM32F1xx_HAL_Driver/Src/stm32f1xx_hal_rcc.o
 .ARM.attributes
                0x0000033b       0x2d ./Drivers/STM32F1xx_HAL_Driver/Src/stm32f1xx_hal_tim.o
 .ARM.attributes
                0x00000368       0x2d ./Drivers/STM32F1xx_HAL_Driver/Src/stm32f1xx_hal_tim_ex.o
 .ARM.attributes
                0x00000395       0x2d D:/VXL/STM32CubeIDE_1.16.0/STM32CubeIDE/plugins/com.st.stm32cube.ide.mcu.externaltools.gnu-tools-for-stm32.12.3.rel1.win32_1.0.200.202406191623/tools/bin/../lib/gcc/arm-none-eabi/12.3.1/../../../../arm-none-eabi/lib/thumb/v7-m/nofp\libc_nano.a(libc_a-memset.o)
 .ARM.attributes
                0x000003c2       0x2d D:/VXL/STM32CubeIDE_1.16.0/STM32CubeIDE/plugins/com.st.stm32cube.ide.mcu.externaltools.gnu-tools-for-stm32.12.3.rel1.win32_1.0.200.202406191623/tools/bin/../lib/gcc/arm-none-eabi/12.3.1/../../../../arm-none-eabi/lib/thumb/v7-m/nofp\libc_nano.a(libc_a-init.o)
 .ARM.attributes
                0x000003ef       0x1d D:/VXL/STM32CubeIDE_1.16.0/STM32CubeIDE/plugins/com.st.stm32cube.ide.mcu.externaltools.gnu-tools-for-stm32.12.3.rel1.win32_1.0.200.202406191623/tools/bin/../lib/gcc/arm-none-eabi/12.3.1/thumb/v7-m/nofp/crtn.o
OUTPUT(L4.elf elf32-littlearm)
LOAD linker stubs
LOAD D:/VXL/STM32CubeIDE_1.16.0/STM32CubeIDE/plugins/com.st.stm32cube.ide.mcu.externaltools.gnu-tools-for-stm32.12.3.rel1.win32_1.0.200.202406191623/tools/bin/../lib/gcc/arm-none-eabi/12.3.1/../../../../arm-none-eabi/lib/thumb/v7-m/nofp\libc.a
LOAD D:/VXL/STM32CubeIDE_1.16.0/STM32CubeIDE/plugins/com.st.stm32cube.ide.mcu.externaltools.gnu-tools-for-stm32.12.3.rel1.win32_1.0.200.202406191623/tools/bin/../lib/gcc/arm-none-eabi/12.3.1/../../../../arm-none-eabi/lib/thumb/v7-m/nofp\libm.a
LOAD D:/VXL/STM32CubeIDE_1.16.0/STM32CubeIDE/plugins/com.st.stm32cube.ide.mcu.externaltools.gnu-tools-for-stm32.12.3.rel1.win32_1.0.200.202406191623/tools/bin/../lib/gcc/arm-none-eabi/12.3.1/thumb/v7-m/nofp\libgcc.a

.debug_info     0x00000000     0x8b69
 .debug_info    0x00000000      0x1d8 ./Core/Src/7seg.o
 .debug_info    0x000001d8      0x331 ./Core/Src/button.o
 .debug_info    0x00000509      0x25e ./Core/Src/fsm_auto.o
 .debug_info    0x00000767      0x210 ./Core/Src/fsm_manual.o
 .debug_info    0x00000977       0x91 ./Core/Src/fsm_setting.o
 .debug_info    0x00000a08      0x23b ./Core/Src/global.o
 .debug_info    0x00000c43      0xc20 ./Core/Src/main.o
 .debug_info    0x00001863      0x215 ./Core/Src/software_timer.o
 .debug_info    0x00001a78      0x91a ./Core/Src/stm32f1xx_hal_msp.o
 .debug_info    0x00002392      0x6a1 ./Core/Src/stm32f1xx_it.o
 .debug_info    0x00002a33      0x222 ./Core/Src/system_stm32f1xx.o
 .debug_info    0x00002c55      0x221 ./Core/Src/traffic_light.o
 .debug_info    0x00002e76       0x30 ./Core/Startup/startup_stm32f103c6ux.o
 .debug_info    0x00002ea6      0x6e6 ./Drivers/STM32F1xx_HAL_Driver/Src/stm32f1xx_hal.o
 .debug_info    0x0000358c      0xa69 ./Drivers/STM32F1xx_HAL_Driver/Src/stm32f1xx_hal_cortex.o
 .debug_info    0x00003ff5      0x5ab ./Drivers/STM32F1xx_HAL_Driver/Src/stm32f1xx_hal_gpio.o
 .debug_info    0x000045a0      0x7d5 ./Drivers/STM32F1xx_HAL_Driver/Src/stm32f1xx_hal_rcc.o
 .debug_info    0x00004d75     0x2959 ./Drivers/STM32F1xx_HAL_Driver/Src/stm32f1xx_hal_tim.o
 .debug_info    0x000076ce     0x149b ./Drivers/STM32F1xx_HAL_Driver/Src/stm32f1xx_hal_tim_ex.o

.debug_abbrev   0x00000000     0x1e93
 .debug_abbrev  0x00000000      0x138 ./Core/Src/7seg.o
 .debug_abbrev  0x00000138      0x142 ./Core/Src/button.o
 .debug_abbrev  0x0000027a      0x166 ./Core/Src/fsm_auto.o
 .debug_abbrev  0x000003e0       0xf6 ./Core/Src/fsm_manual.o
 .debug_abbrev  0x000004d6       0x43 ./Core/Src/fsm_setting.o
 .debug_abbrev  0x00000519      0x13d ./Core/Src/global.o
 .debug_abbrev  0x00000656      0x2db ./Core/Src/main.o
 .debug_abbrev  0x00000931      0x164 ./Core/Src/software_timer.o
 .debug_abbrev  0x00000a95      0x1ad ./Core/Src/stm32f1xx_hal_msp.o
 .debug_abbrev  0x00000c42      0x191 ./Core/Src/stm32f1xx_it.o
 .debug_abbrev  0x00000dd3      0x13f ./Core/Src/system_stm32f1xx.o
 .debug_abbrev  0x00000f12       0xee ./Core/Src/traffic_light.o
 .debug_abbrev  0x00001000       0x24 ./Core/Startup/startup_stm32f103c6ux.o
 .debug_abbrev  0x00001024      0x201 ./Drivers/STM32F1xx_HAL_Driver/Src/stm32f1xx_hal.o
 .debug_abbrev  0x00001225      0x2f8 ./Drivers/STM32F1xx_HAL_Driver/Src/stm32f1xx_hal_cortex.o
 .debug_abbrev  0x0000151d      0x1ca ./Drivers/STM32F1xx_HAL_Driver/Src/stm32f1xx_hal_gpio.o
 .debug_abbrev  0x000016e7      0x2b3 ./Drivers/STM32F1xx_HAL_Driver/Src/stm32f1xx_hal_rcc.o
 .debug_abbrev  0x0000199a      0x277 ./Drivers/STM32F1xx_HAL_Driver/Src/stm32f1xx_hal_tim.o
 .debug_abbrev  0x00001c11      0x282 ./Drivers/STM32F1xx_HAL_Driver/Src/stm32f1xx_hal_tim_ex.o

.debug_aranges  0x00000000      0xad0
 .debug_aranges
                0x00000000       0x28 ./Core/Src/7seg.o
 .debug_aranges
                0x00000028       0x40 ./Core/Src/button.o
 .debug_aranges
                0x00000068       0x20 ./Core/Src/fsm_auto.o
 .debug_aranges
                0x00000088       0x20 ./Core/Src/fsm_manual.o
 .debug_aranges
                0x000000a8       0x20 ./Core/Src/fsm_setting.o
 .debug_aranges
                0x000000c8       0x40 ./Core/Src/global.o
 .debug_aranges
                0x00000108       0x48 ./Core/Src/main.o
 .debug_aranges
                0x00000150       0x38 ./Core/Src/software_timer.o
 .debug_aranges
                0x00000188       0x30 ./Core/Src/stm32f1xx_hal_msp.o
 .debug_aranges
                0x000001b8       0x68 ./Core/Src/stm32f1xx_it.o
 .debug_aranges
                0x00000220       0x28 ./Core/Src/system_stm32f1xx.o
 .debug_aranges
                0x00000248       0x60 ./Core/Src/traffic_light.o
 .debug_aranges
                0x000002a8       0x28 ./Core/Startup/startup_stm32f103c6ux.o
 .debug_aranges
                0x000002d0       0xe0 ./Drivers/STM32F1xx_HAL_Driver/Src/stm32f1xx_hal.o
 .debug_aranges
                0x000003b0      0x100 ./Drivers/STM32F1xx_HAL_Driver/Src/stm32f1xx_hal_cortex.o
 .debug_aranges
                0x000004b0       0x58 ./Drivers/STM32F1xx_HAL_Driver/Src/stm32f1xx_hal_gpio.o
 .debug_aranges
                0x00000508       0x90 ./Drivers/STM32F1xx_HAL_Driver/Src/stm32f1xx_hal_rcc.o
 .debug_aranges
                0x00000598      0x3d0 ./Drivers/STM32F1xx_HAL_Driver/Src/stm32f1xx_hal_tim.o
 .debug_aranges
                0x00000968      0x168 ./Drivers/STM32F1xx_HAL_Driver/Src/stm32f1xx_hal_tim_ex.o

.debug_rnglists
                0x00000000      0x82d
 .debug_rnglists
                0x00000000       0x1b ./Core/Src/7seg.o
 .debug_rnglists
                0x0000001b       0x2c ./Core/Src/button.o
 .debug_rnglists
                0x00000047       0x14 ./Core/Src/fsm_auto.o
 .debug_rnglists
                0x0000005b       0x14 ./Core/Src/fsm_manual.o
 .debug_rnglists
                0x0000006f       0x13 ./Core/Src/fsm_setting.o
 .debug_rnglists
                0x00000082       0x2d ./Core/Src/global.o
 .debug_rnglists
                0x000000af       0x33 ./Core/Src/main.o
 .debug_rnglists
                0x000000e2       0x25 ./Core/Src/software_timer.o
 .debug_rnglists
                0x00000107       0x1f ./Core/Src/stm32f1xx_hal_msp.o
 .debug_rnglists
                0x00000126       0x49 ./Core/Src/stm32f1xx_it.o
 .debug_rnglists
                0x0000016f       0x1a ./Core/Src/system_stm32f1xx.o
 .debug_rnglists
                0x00000189       0x43 ./Core/Src/traffic_light.o
 .debug_rnglists
                0x000001cc       0x19 ./Core/Startup/startup_stm32f103c6ux.o
 .debug_rnglists
                0x000001e5       0xa3 ./Drivers/STM32F1xx_HAL_Driver/Src/stm32f1xx_hal.o
 .debug_rnglists
                0x00000288       0xbb ./Drivers/STM32F1xx_HAL_Driver/Src/stm32f1xx_hal_cortex.o
 .debug_rnglists
                0x00000343       0x3f ./Drivers/STM32F1xx_HAL_Driver/Src/stm32f1xx_hal_gpio.o
 .debug_rnglists
                0x00000382       0x6c ./Drivers/STM32F1xx_HAL_Driver/Src/stm32f1xx_hal_rcc.o
 .debug_rnglists
                0x000003ee      0x31a ./Drivers/STM32F1xx_HAL_Driver/Src/stm32f1xx_hal_tim.o
 .debug_rnglists
                0x00000708      0x125 ./Drivers/STM32F1xx_HAL_Driver/Src/stm32f1xx_hal_tim_ex.o

.debug_macro    0x00000000    0x183d7
 .debug_macro   0x00000000      0x2f6 ./Core/Src/7seg.o
 .debug_macro   0x000002f6      0xaa8 ./Core/Src/7seg.o
 .debug_macro   0x00000d9e      0x215 ./Core/Src/7seg.o
 .debug_macro   0x00000fb3       0x2e ./Core/Src/7seg.o
 .debug_macro   0x00000fe1       0x22 ./Core/Src/7seg.o
 .debug_macro   0x00001003       0x22 ./Core/Src/7seg.o
 .debug_macro   0x00001025       0x8e ./Core/Src/7seg.o
 .debug_macro   0x000010b3       0x51 ./Core/Src/7seg.o
 .debug_macro   0x00001104      0x103 ./Core/Src/7seg.o
 .debug_macro   0x00001207       0x6a ./Core/Src/7seg.o
 .debug_macro   0x00001271      0x1df ./Core/Src/7seg.o
 .debug_macro   0x00001450       0x1c ./Core/Src/7seg.o
 .debug_macro   0x0000146c       0x22 ./Core/Src/7seg.o
 .debug_macro   0x0000148e       0xbd ./Core/Src/7seg.o
 .debug_macro   0x0000154b      0xd23 ./Core/Src/7seg.o
 .debug_macro   0x0000226e     0xde75 ./Core/Src/7seg.o
 .debug_macro   0x000100e3       0x6d ./Core/Src/7seg.o
 .debug_macro   0x00010150     0x34a2 ./Core/Src/7seg.o
 .debug_macro   0x000135f2      0x189 ./Core/Src/7seg.o
 .debug_macro   0x0001377b       0x5c ./Core/Src/7seg.o
 .debug_macro   0x000137d7      0x5bc ./Core/Src/7seg.o
 .debug_macro   0x00013d93      0x1b7 ./Core/Src/7seg.o
 .debug_macro   0x00013f4a      0x1cb ./Core/Src/7seg.o
 .debug_macro   0x00014115      0x114 ./Core/Src/7seg.o
 .debug_macro   0x00014229      0x1b2 ./Core/Src/7seg.o
 .debug_macro   0x000143db       0x27 ./Core/Src/7seg.o
 .debug_macro   0x00014402      0x12f ./Core/Src/7seg.o
 .debug_macro   0x00014531      0x1bc ./Core/Src/7seg.o
 .debug_macro   0x000146ed       0x34 ./Core/Src/7seg.o
 .debug_macro   0x00014721       0x3c ./Core/Src/7seg.o
 .debug_macro   0x0001475d       0x57 ./Core/Src/7seg.o
 .debug_macro   0x000147b4       0x87 ./Core/Src/7seg.o
 .debug_macro   0x0001483b      0x183 ./Core/Src/7seg.o
 .debug_macro   0x000149be      0x140 ./Core/Src/7seg.o
 .debug_macro   0x00014afe      0x8ed ./Core/Src/7seg.o
 .debug_macro   0x000153eb       0x69 ./Core/Src/7seg.o
 .debug_macro   0x00015454      0x10c ./Core/Src/7seg.o
 .debug_macro   0x00015560       0x16 ./Core/Src/7seg.o
 .debug_macro   0x00015576       0x61 ./Core/Src/7seg.o
 .debug_macro   0x000155d7       0x24 ./Core/Src/7seg.o
 .debug_macro   0x000155fb       0x43 ./Core/Src/7seg.o
 .debug_macro   0x0001563e       0x34 ./Core/Src/7seg.o
 .debug_macro   0x00015672      0x369 ./Core/Src/7seg.o
 .debug_macro   0x000159db       0x10 ./Core/Src/7seg.o
 .debug_macro   0x000159eb       0x16 ./Core/Src/7seg.o
 .debug_macro   0x00015a01       0x43 ./Core/Src/7seg.o
 .debug_macro   0x00015a44       0x34 ./Core/Src/7seg.o
 .debug_macro   0x00015a78       0x1c ./Core/Src/7seg.o
 .debug_macro   0x00015a94       0x52 ./Core/Src/7seg.o
 .debug_macro   0x00015ae6       0x22 ./Core/Src/7seg.o
 .debug_macro   0x00015b08       0x10 ./Core/Src/7seg.o
 .debug_macro   0x00015b18       0x52 ./Core/Src/7seg.o
 .debug_macro   0x00015b6a       0xcf ./Core/Src/7seg.o
 .debug_macro   0x00015c39       0x1c ./Core/Src/7seg.o
 .debug_macro   0x00015c55       0x3d ./Core/Src/7seg.o
 .debug_macro   0x00015c92       0x64 ./Core/Src/7seg.o
 .debug_macro   0x00015cf6      0x2fc ./Core/Src/button.o
 .debug_macro   0x00015ff2       0x10 ./Core/Src/button.o
 .debug_macro   0x00016002      0x2f6 ./Core/Src/fsm_auto.o
 .debug_macro   0x000162f8      0x2f6 ./Core/Src/fsm_manual.o
 .debug_macro   0x000165ee      0x2f6 ./Core/Src/fsm_setting.o
 .debug_macro   0x000168e4      0x2f2 ./Core/Src/global.o
 .debug_macro   0x00016bd6      0x2f6 ./Core/Src/main.o
 .debug_macro   0x00016ecc      0x2fc ./Core/Src/software_timer.o
 .debug_macro   0x000171c8      0x1a6 ./Core/Src/stm32f1xx_hal_msp.o
 .debug_macro   0x0001736e      0x1b0 ./Core/Src/stm32f1xx_it.o
 .debug_macro   0x0001751e      0x197 ./Core/Src/system_stm32f1xx.o
 .debug_macro   0x000176b5      0x2f6 ./Core/Src/traffic_light.o
 .debug_macro   0x000179ab      0x1bb ./Drivers/STM32F1xx_HAL_Driver/Src/stm32f1xx_hal.o
 .debug_macro   0x00017b66      0x197 ./Drivers/STM32F1xx_HAL_Driver/Src/stm32f1xx_hal_cortex.o
 .debug_macro   0x00017cfd      0x202 ./Drivers/STM32F1xx_HAL_Driver/Src/stm32f1xx_hal_gpio.o
 .debug_macro   0x00017eff      0x1a9 ./Drivers/STM32F1xx_HAL_Driver/Src/stm32f1xx_hal_rcc.o
 .debug_macro   0x000180a8      0x198 ./Drivers/STM32F1xx_HAL_Driver/Src/stm32f1xx_hal_tim.o
 .debug_macro   0x00018240      0x197 ./Drivers/STM32F1xx_HAL_Driver/Src/stm32f1xx_hal_tim_ex.o

.debug_line     0x00000000     0xec36
 .debug_line    0x00000000      0x9af ./Core/Src/7seg.o
 .debug_line    0x000009af      0xa73 ./Core/Src/button.o
 .debug_line    0x00001422      0xa05 ./Core/Src/fsm_auto.o
 .debug_line    0x00001e27      0xc14 ./Core/Src/fsm_manual.o
 .debug_line    0x00002a3b      0x909 ./Core/Src/fsm_setting.o
 .debug_line    0x00003344      0xa02 ./Core/Src/global.o
 .debug_line    0x00003d46      0xa6c ./Core/Src/main.o
 .debug_line    0x000047b2      0x993 ./Core/Src/software_timer.o
 .debug_line    0x00005145      0x72d ./Core/Src/stm32f1xx_hal_msp.o
 .debug_line    0x00005872      0x7cb ./Core/Src/stm32f1xx_it.o
 .debug_line    0x0000603d      0x76f ./Core/Src/system_stm32f1xx.o
 .debug_line    0x000067ac      0x9f6 ./Core/Src/traffic_light.o
 .debug_line    0x000071a2       0x78 ./Core/Startup/startup_stm32f103c6ux.o
 .debug_line    0x0000721a      0x99c ./Drivers/STM32F1xx_HAL_Driver/Src/stm32f1xx_hal.o
 .debug_line    0x00007bb6      0xb88 ./Drivers/STM32F1xx_HAL_Driver/Src/stm32f1xx_hal_cortex.o
 .debug_line    0x0000873e      0xa20 ./Drivers/STM32F1xx_HAL_Driver/Src/stm32f1xx_hal_gpio.o
 .debug_line    0x0000915e      0xda5 ./Drivers/STM32F1xx_HAL_Driver/Src/stm32f1xx_hal_rcc.o
 .debug_line    0x00009f03     0x3478 ./Drivers/STM32F1xx_HAL_Driver/Src/stm32f1xx_hal_tim.o
 .debug_line    0x0000d37b     0x18bb ./Drivers/STM32F1xx_HAL_Driver/Src/stm32f1xx_hal_tim_ex.o

.debug_str      0x00000000    0x8496f
 .debug_str     0x00000000    0x81b9e ./Core/Src/7seg.o
                              0x81ee1 (size before relaxing)
 .debug_str     0x00081b9e      0x165 ./Core/Src/button.o
                              0x81ff8 (size before relaxing)
 .debug_str     0x00081d03       0xcb ./Core/Src/fsm_auto.o
                              0x81f69 (size before relaxing)
 .debug_str     0x00081dce       0x94 ./Core/Src/fsm_manual.o
                              0x81f75 (size before relaxing)
 .debug_str     0x00081e62       0x26 ./Core/Src/fsm_setting.o
                              0x81e4a (size before relaxing)
 .debug_str     0x00081e88       0xaf ./Core/Src/global.o
                              0x81f09 (size before relaxing)
 .debug_str     0x00081f37      0x799 ./Core/Src/main.o
                              0x82755 (size before relaxing)
 .debug_str     0x000826d0       0x45 ./Core/Src/software_timer.o
                              0x81eee (size before relaxing)
 .debug_str     0x00082715      0x300 ./Core/Src/stm32f1xx_hal_msp.o
                              0x80225 (size before relaxing)
 .debug_str     0x00082a15       0xec ./Core/Src/stm32f1xx_it.o
                              0x7ff60 (size before relaxing)
 .debug_str     0x00082b01       0x7e ./Core/Src/system_stm32f1xx.o
                              0x7f72c (size before relaxing)
 .debug_str     0x00082b7f       0x1c ./Core/Src/traffic_light.o
                              0x81f4e (size before relaxing)
 .debug_str     0x00082b9b       0x44 ./Core/Startup/startup_stm32f103c6ux.o
                                 0x68 (size before relaxing)
 .debug_str     0x00082bdf      0x38e ./Drivers/STM32F1xx_HAL_Driver/Src/stm32f1xx_hal.o
                              0x7fe25 (size before relaxing)
 .debug_str     0x00082f6d      0x294 ./Drivers/STM32F1xx_HAL_Driver/Src/stm32f1xx_hal_cortex.o
                              0x7fd71 (size before relaxing)
 .debug_str     0x00083201      0x2d2 ./Drivers/STM32F1xx_HAL_Driver/Src/stm32f1xx_hal_gpio.o
                              0x7fab2 (size before relaxing)
 .debug_str     0x000834d3      0x229 ./Drivers/STM32F1xx_HAL_Driver/Src/stm32f1xx_hal_rcc.o
                              0x7fb5b (size before relaxing)
 .debug_str     0x000836fc      0xde0 ./Drivers/STM32F1xx_HAL_Driver/Src/stm32f1xx_hal_tim.o
                              0x80b5d (size before relaxing)
 .debug_str     0x000844dc      0x493 ./Drivers/STM32F1xx_HAL_Driver/Src/stm32f1xx_hal_tim_ex.o
                              0x80369 (size before relaxing)

.comment        0x00000000       0x43
 .comment       0x00000000       0x43 ./Core/Src/7seg.o
                                 0x44 (size before relaxing)
 .comment       0x00000043       0x44 ./Core/Src/button.o
 .comment       0x00000043       0x44 ./Core/Src/fsm_auto.o
 .comment       0x00000043       0x44 ./Core/Src/fsm_manual.o
 .comment       0x00000043       0x44 ./Core/Src/fsm_setting.o
 .comment       0x00000043       0x44 ./Core/Src/global.o
 .comment       0x00000043       0x44 ./Core/Src/main.o
 .comment       0x00000043       0x44 ./Core/Src/software_timer.o
 .comment       0x00000043       0x44 ./Core/Src/stm32f1xx_hal_msp.o
 .comment       0x00000043       0x44 ./Core/Src/stm32f1xx_it.o
 .comment       0x00000043       0x44 ./Core/Src/system_stm32f1xx.o
 .comment       0x00000043       0x44 ./Core/Src/traffic_light.o
 .comment       0x00000043       0x44 ./Drivers/STM32F1xx_HAL_Driver/Src/stm32f1xx_hal.o
 .comment       0x00000043       0x44 ./Drivers/STM32F1xx_HAL_Driver/Src/stm32f1xx_hal_cortex.o
 .comment       0x00000043       0x44 ./Drivers/STM32F1xx_HAL_Driver/Src/stm32f1xx_hal_gpio.o
 .comment       0x00000043       0x44 ./Drivers/STM32F1xx_HAL_Driver/Src/stm32f1xx_hal_rcc.o
 .comment       0x00000043       0x44 ./Drivers/STM32F1xx_HAL_Driver/Src/stm32f1xx_hal_tim.o
 .comment       0x00000043       0x44 ./Drivers/STM32F1xx_HAL_Driver/Src/stm32f1xx_hal_tim_ex.o

.debug_frame    0x00000000     0x29d4
 .debug_frame   0x00000000       0x5c ./Core/Src/7seg.o
 .debug_frame   0x0000005c       0xac ./Core/Src/button.o
 .debug_frame   0x00000108       0x2c ./Core/Src/fsm_auto.o
 .debug_frame   0x00000134       0x2c ./Core/Src/fsm_manual.o
 .debug_frame   0x00000160       0x30 ./Core/Src/fsm_setting.o
 .debug_frame   0x00000190       0xd0 ./Core/Src/global.o
 .debug_frame   0x00000260       0xd4 ./Core/Src/main.o
 .debug_frame   0x00000334       0xa4 ./Core/Src/software_timer.o
 .debug_frame   0x000003d8       0x80 ./Core/Src/stm32f1xx_hal_msp.o
 .debug_frame   0x00000458      0x120 ./Core/Src/stm32f1xx_it.o
 .debug_frame   0x00000578       0x58 ./Core/Src/system_stm32f1xx.o
 .debug_frame   0x000005d0      0x10c ./Core/Src/traffic_light.o
 .debug_frame   0x000006dc      0x334 ./Drivers/STM32F1xx_HAL_Driver/Src/stm32f1xx_hal.o
 .debug_frame   0x00000a10      0x428 ./Drivers/STM32F1xx_HAL_Driver/Src/stm32f1xx_hal_cortex.o
 .debug_frame   0x00000e38      0x14c ./Drivers/STM32F1xx_HAL_Driver/Src/stm32f1xx_hal_gpio.o
 .debug_frame   0x00000f84      0x218 ./Drivers/STM32F1xx_HAL_Driver/Src/stm32f1xx_hal_rcc.o
 .debug_frame   0x0000119c     0x11b4 ./Drivers/STM32F1xx_HAL_Driver/Src/stm32f1xx_hal_tim.o
 .debug_frame   0x00002350      0x638 ./Drivers/STM32F1xx_HAL_Driver/Src/stm32f1xx_hal_tim_ex.o
 .debug_frame   0x00002988       0x20 D:/VXL/STM32CubeIDE_1.16.0/STM32CubeIDE/plugins/com.st.stm32cube.ide.mcu.externaltools.gnu-tools-for-stm32.12.3.rel1.win32_1.0.200.202406191623/tools/bin/../lib/gcc/arm-none-eabi/12.3.1/../../../../arm-none-eabi/lib/thumb/v7-m/nofp\libc_nano.a(libc_a-memset.o)
 .debug_frame   0x000029a8       0x2c D:/VXL/STM32CubeIDE_1.16.0/STM32CubeIDE/plugins/com.st.stm32cube.ide.mcu.externaltools.gnu-tools-for-stm32.12.3.rel1.win32_1.0.200.202406191623/tools/bin/../lib/gcc/arm-none-eabi/12.3.1/../../../../arm-none-eabi/lib/thumb/v7-m/nofp\libc_nano.a(libc_a-init.o)

.debug_line_str
                0x00000000       0x4c
 .debug_line_str
                0x00000000       0x4c ./Core/Startup/startup_stm32f103c6ux.o
